Bienvenido a el mini-sistema:
> ERROR: Nombre de variable vacio.
> ERROR: Nombre de variable vacio.
> ERROR: Nombre de variable vacio.
> ERROR: Nombre de variable vacio.
> ERROR: La expresion no es valida.
> ERROR: La expresion no es valida.
> ERROR: Nombre de expresion vacio.
> ERROR: Nombre de expresion vacio.
> OK. expr1 agregada.
> ERROR: Falta definir variable o expresion.
> ERROR: Falta definir variable o expresion.
> ERROR: Falta definir variable o expresion.
> OK. variable1 agregada.
> OK. variable2 agregada.
> OK. 2.00
> OK. 0.02
> OK. 62.00
> OK. -30.00
> OK. variable3 agregada.
> OK. variable3 agregada.
> OK. Datos guardados.
> OK. variable3 agregada.
> OK. variable3 agregada.
> OK. variable4 agregada.
> OK. variable5 agregada.
> OK. variable6 agregada.
> OK. variable7 agregada.
> OK. variable7 agregada.
> OK. variable8 agregada.
> OK. variable9 agregada.
> OK. variable10 agregada.
> ERROR: Nombre de variable vacio.
> ERROR: Nombre de variable vacio.
> ERROR: Nombre de variable vacio.
> ERROR: Se alcanzo la maxima cantidad de variables.
> OK. variable10 agregada.
> OK. variable9 agregada.
> OK. 1000.00
> OK. 2000.00
> OK. 170.00
> ERROR: Division por cero.
> ERROR: La expresion no es valida.
> ERROR: La expresion no es valida.
> ERROR: Nombre de expresion vacio.
> OK. expr2 agregada.
> OK. expr3 agregada.
> OK. expr4 agregada.
> OK. 0.00
> OK. 90000.00
> OK. 900.00
> ERROR: Falta definir variable o expresion.
> OK. Datos guardados.
> OK. expr5 agregada.
> OK. expr6 agregada.
> OK. expr7 agregada.
> OK. expr8 agregada.
> OK. expr9 agregada.
> OK. expr10 agregada.
> OK. 168.00
> OK. 0.00
> OK. 60.00
> OK. 0.00
> OK. 168.00
> OK. 0.00
> OK. 21772316160.00
> OK. 0.00
> ERROR: Division por cero.
> OK. Datos guardados.
> OK. Datos cargados.
> OK. Datos guardados.
> OK. Datos cargados.
> OK. Datos guardados.
> OK. Datos cargados.
> OK. Datos guardados.
> OK. Datos guardados.
> OK. Datos guardados.
> OK. Datos guardados.
> OK. Datos guardados.
> OK. Datos guardados.
> OK. Datos guardados.
> OK. Datos guardados.
> OK. Datos guardados.
> OK. Datos cargados.
> OK. Datos cargados.
> OK. Datos cargados.
> OK. Datos cargados.
> OK. Datos cargados.
> OK. Datos cargados.
> OK. Datos cargados.
> OK. 168.00
> OK. 0.00
> OK. 60.00
> OK. 0.00
> OK. 168.00
> OK. 0.00
> OK. 21772316160.00
> OK. 0.00
> ERROR: Division por cero.
> ERROR: Division por cero.
> OK. 8.33
> OK. Datos cargados.
> OK. 2.00
> OK. 0.02
> OK. 62.00
> OK. -30.00
> OK. 70.00
> OK. Datos guardados.
> OK. Datos cargados.
> OK. 0.00
> OK. 90000.00
> OK. 900.00
> ERROR: Falta definir variable o expresion.
> OK. Datos cargados.
> OK. 1000.00
> OK. 0.00
> OK. 21772316160.00
> OK. 0.00
> OK. Datos cargados.
> OK. Datos cargados.
> OK. Datos cargados.
> OK. Datos cargados.
> OK. Datos cargados.
> OK. Datos cargados.
> OK. Datos cargados.
> OK. Datos cargados.
> OK. Datos cargados.
> OK. Datos cargados.
> OK. Datos cargados.
> OK. Datos cargados.
> OK. Datos cargados.
> OK. Datos cargados.
> OK. Datos cargados.
> OK. Datos cargados.
> OK. Datos cargados.
> OK. Datos cargados.
> OK. Datos cargados.
> OK. Datos cargados.
> OK. Datos cargados.
> OK. Datos cargados.
> OK. Datos cargados.
> OK. Datos cargados.
> OK. Datos cargados.
> OK. Datos cargados.
> OK. Datos cargados.
> OK. Datos cargados.
> OK. Datos cargados.
> OK. Datos cargados.
> OK. Datos cargados.
> OK. Datos cargados.
> OK. Datos cargados.
> OK. Datos cargados.
> OK. Datos cargados.
> OK. Datos cargados.
> OK. Datos cargados.
> OK. Datos cargados.
> OK. Datos cargados.
> OK. Datos cargados.
> OK. Datos cargados.
> OK. Datos cargados.
> OK. Datos cargados.
> OK. Datos cargados.
> OK. Datos cargados.
> OK. Datos cargados.
> OK. Datos cargados.
> OK. Datos cargados.
> OK. 60.00
> OK. 30.00
> OK. 80.00
> OK. 70.00
> OK. 60.00
> OK. 80.00
> OK. 40.00
> OK. 0.00
> OK. 2000.00
> OK. 1000.00
> OK. 2.00
> OK. 900.00
> OK. 90000.00
> OK. 0.00
> OK. 1000.00
> ERROR: Division por cero.
> OK. 168.00
> OK. 0.00
> OK. 60.00
> OK. 0.00
> OK. Datos cargados.
> OK. sitefuncoesporqueandasbien agregada.
> OK. 10.00
> 