Bienvenido a el mini-sistema:
> Comando no reconocido.
> Comando no reconocido.
> OK. Datos guardados.
> OK. Datos cargados.
> Comando no reconocido.
> OK. var1 agregada.
> OK. var2 agregada.
> OK. var3 agregada.
> OK. var4 agregada.
> OK. var5 agregada.
> OK. var6 agregada.
> OK. var7 agregada.
> Comando no reconocido.
> OK. Datos guardados.
> OK. var8 agregada.
> OK. var9 agregada.
> OK. var10 agregada.
> OK. Datos guardados.
> Comando no reconocido.
> OK. Datos cargados.
> ERROR: Falta definir variable o expresion.
> ERROR: Falta definir variable o expresion.
> ERROR: Falta definir variable o expresion.
> OK. 333.00
> OK. 333.00
> OK. 78.00
> Comando no reconocido.
> OK. Datos cargados.
> OK. 3.00
> OK. 98.00
> OK. 99.00
> OK. 333.00
> OK. 333.00
> OK. 78.00
> Comando no reconocido.
> ERROR: Se alcanzo la maxima cantidad de variables.
> OK. 31.00
> OK. 102.00
> Comando no reconocido.
> OK. expr1 agregada.
> OK. expr2 agregada.
> OK. expr3 agregada.
> OK. expr4 agregada.
> OK. Datos guardados.
> OK. expr5 agregada.
> OK. expr6 agregada.
> OK. expr7 agregada.
> OK. expr8 agregada.
> OK. expr9 agregada.
> OK. expr10 agregada.
> OK. Datos guardados.
> OK. var1 agregada.
> OK. 12.00
> OK. 333.00
> ERROR: Falta definir variable o expresion.
> OK. 12.00
> OK. 295704.00
> ERROR: Division por cero.
> OK. Datos cargados.
> ERROR: Falta definir variable o expresion.
> ERROR: Falta definir variable o expresion.
> ERROR: Falta definir variable o expresion.
> OK. 12.00
> OK. 0.53
> OK. 333.00
> OK. 99.00
> OK. Datos cargados.
> OK. 333.00
> OK. var1 agregada.
> OK. 25.00
> OK. 333.00
> OK. 888.00
> OK. 888.00
> OK. 99.00
> OK. 88.00
> OK. 78.00
> OK. 3.00
> OK. 98.00
> OK. 99.00
> OK. 12.00
> OK. 0.53
> OK. 358.00
> ERROR: Falta definir variable o expresion.
> OK. 12.00
> ERROR: Falta definir variable o expresion.
> OK. 295729.00
> OK. 0.14
> ERROR: Falta definir variable o expresion.
> OK. 295729.00
> OK. 0.01
> OK. 13.32
> OK. 0.01
> OK. 13.32
> OK. 0.14
> OK. 0.25
> OK. -74.00
> OK. 555.00
> OK. 35.52
> OK. -10.00
> OK. -21.00
> OK. Datos cargados.
> OK. expr1 agregada.
> OK. expr2 agregada.
> OK. expr3 agregada.
> OK. expr4 agregada.
> OK. Datos guardados.
> OK. 12.00
> OK. 0.53
> ERROR: Falta definir variable o expresion.
> ERROR: Falta definir variable o expresion.
> OK. Datos cargados.
> ERROR: Falta definir variable o expresion.
> ERROR: Falta definir variable o expresion.
> ERROR: Falta definir variable o expresion.
> ERROR: Falta definir variable o expresion.
> OK. Datos cargados.
> OK. 12.00
> OK. 0.53
> ERROR: Falta definir variable o expresion.
> ERROR: Falta definir variable o expresion.
> 