Bienvenido a el mini-sistema:
> Comando no reconocido.
> Comando no reconocido.
> OK. 0.25
> OK. 123.00
> OK. 3333.00
> OK. 66.99
> ERROR: Falta definir variable o expresion.
> OK. Y agregada.
> ERROR: Falta definir variable o expresion.
> OK. 12.00
> ERROR: Falta definir variable o expresion.
> ERROR: Falta definir variable o expresion.
> OK. 50.00
> OK. 81.00
> OK. 1.00
> ERROR: Division por cero.
> ERROR: Division por cero.
> ERROR: Falta definir variable o expresion.
> ERROR: La expresion no es valida.
> ERROR: La expresion no es valida.
> OK. X agregada.
> OK. 16.00
> OK. 16.00
> OK. 32.00
> OK. 26.00
> OK. 26.00
> 