Bienvenido a el mini-sistema:
> OK. expr1 agregada.
> OK. expr2 agregada.
> ERROR: Falta definir variable o expresion.
> ERROR: Falta definir variable o expresion.
> OK. x agregada.
> OK. y agregada.
> OK. z agregada.
> OK. 6.33
> OK. -1.50
> OK. Datos guardados.
> OK. expr1 agregada.
> OK. expr2 agregada.
> OK. 30.00
> OK. 8.00
> OK. Datos cargados.
> OK. 6.33
> OK. -1.50
> 