Bienvenido a el mini-sistema:
> OK. expr1 agregada.
> OK. x agregada.
> OK. y agregada.
> OK. z agregada.
> OK. 20.00
> OK. Datos guardados.
> OK. x agregada.
> OK. y agregada.
> OK. z agregada.
> OK. 77.00
> OK. Datos cargados.
> OK. 20.00
> 